   1               		.file	"uart.c"
   2               	__SREG__ = 0x3f
   3               	__SP_H__ = 0x3e
   4               	__SP_L__ = 0x3d
   5               	__CCP__  = 0x34
   6               	__tmp_reg__ = 0
   7               	__zero_reg__ = 1
  15               	.Ltext0:
  16               	.global	uartInit
  18               	uartInit:
  19               	.LFB3:
  20               	.LM1:
  21               	/* prologue: function */
  22               	/* frame size = 0 */
  23               	.LM2:
  24 0000 EAE9      		ldi r30,lo8(154)
  25 0002 F0E0      		ldi r31,hi8(154)
  26 0004 8081      		ld r24,Z
  27 0006 8869      		ori r24,lo8(-104)
  28 0008 8083      		st Z,r24
  29               	/* epilogue start */
  30               	.LM3:
  31 000a 0895      		ret
  32               	.LFE3:
  34               	.global	printfr
  36               	printfr:
  37               	.LFB4:
  38               	.LM4:
  39               	.LVL0:
  40               	/* prologue: function */
  41               	/* frame size = 0 */
  42 000c FC01      		movw r30,r24
  43               	.LM5:
  44 000e 0097      		sbiw r24,0
  45 0010 01F0      		breq .L6
  46               	.LBB11:
  47               	.LM6:
  48               	/* #APP */
  49               	 ;  31 "uart.c" 1
  50 0012 9491      		lpm r25, Z
  51
  52               	 ;  0 "" 2
  53               	.LVL1:
  54               	/* #NOAPP */
  55               	.LBE11:
  56 0014 9923      		tst r25
  57 0016 01F0      		breq .L6
  58               	.LVL2:
  59               	.L10:
  60               	.LBB12:
  61 0018 3196      		adiw r30,1
  62               	.LVL3:
  63               	.L9:
  64               	.LBE12:
  65               	.LBB13:
  66               	.LBB14:
  67               	.LM7:
  68 001a 8091 9B00 		lds r24,155
  69 001e 85FF      		sbrs r24,5
  70 0020 00C0      		rjmp .L9
  71               	.LM8:
  72 0022 9093 9C00 		sts 156,r25
  73               	.LBE14:
  74               	.LBE13:
  75               	.LBB15:
  76               	.LM9:
  77               	/* #APP */
  78               	 ;  31 "uart.c" 1
  79 0026 9491      		lpm r25, Z
  80
  81               	 ;  0 "" 2
  82               	/* #NOAPP */
  83               	.LBE15:
  84 0028 9923      		tst r25
  85 002a 01F4      		brne .L10
  86               	.LVL4:
  87               	.L6:
  88 002c 0895      		ret
  89               	.LFE4:
  91               	.global	uartSetBaudRate
  93               	uartSetBaudRate:
  94               	.LFB5:
  95               	.LM10:
  96               	.LVL5:
  97               	/* prologue: function */
  98               	/* frame size = 0 */
  99               	.LM11:
 100 002e 1092 9800 		sts 152,__zero_reg__
 101               	.LM12:
 102 0032 8093 9900 		sts 153,r24
 103               	/* epilogue start */
 104               	.LM13:
 105 0036 0895      		ret
 106               	.LFE5:
 108               	.global	uart_putc
 110               	uart_putc:
 111               	.LFB6:
 112               	.LM14:
 113               	.LVL6:
 114               	/* prologue: function */
 115               	/* frame size = 0 */
 116 0038 982F      		mov r25,r24
 117               	.LVL7:
 118               	.L15:
 119               	.LM15:
 120 003a 8091 9B00 		lds r24,155
 121 003e 85FF      		sbrs r24,5
 122 0040 00C0      		rjmp .L15
 123               	.LM16:
 124 0042 9093 9C00 		sts 156,r25
 125               	/* epilogue start */
 126               	.LM17:
 127 0046 0895      		ret
 128               	.LFE6:
 130               	.global	uart_putstr
 132               	uart_putstr:
 133               	.LFB7:
 134               	.LM18:
 135               	.LVL8:
 136               	/* prologue: function */
 137               	/* frame size = 0 */
 138 0048 FC01      		movw r30,r24
 139               	.LM19:
 140 004a 9081      		ld r25,Z
 141 004c 9923      		tst r25
 142 004e 01F0      		breq .L22
 143               	.LVL9:
 144               	.L23:
 145               	.LM20:
 146 0050 3196      		adiw r30,1
 147               	.L20:
 148               	.LBB16:
 149               	.LBB17:
 150               	.LM21:
 151 0052 8091 9B00 		lds r24,155
 152 0056 85FF      		sbrs r24,5
 153 0058 00C0      		rjmp .L20
 154               	.LM22:
 155 005a 9093 9C00 		sts 156,r25
 156               	.LBE17:
 157               	.LBE16:
 158               	.LM23:
 159 005e 9081      		ld r25,Z
 160 0060 9923      		tst r25
 161 0062 01F4      		brne .L23
 162               	.LVL10:
 163               	.L22:
 164 0064 0895      		ret
 165               	.LFE7:
 167               	.global	uart_getc
 169               	uart_getc:
 170               	.LFB8:
 171               	.LM24:
 172               	/* prologue: function */
 173               	/* frame size = 0 */
 174               	.L27:
 175               	.LM25:
 176 0066 8091 9B00 		lds r24,155
 177 006a 87FF      		sbrs r24,7
 178 006c 00C0      		rjmp .L27
 179               	.LM26:
 180 006e 8091 9C00 		lds r24,156
 181               	/* epilogue start */
 182               	.LM27:
 183 0072 0895      		ret
 184               	.LFE8:
 186               	.global	uart_getc_noloop
 188               	uart_getc_noloop:
 189               	.LFB9:
 190               	.LM28:
 191               	/* prologue: function */
 192               	/* frame size = 0 */
 193               	.LM29:
 194 0074 8091 9B00 		lds r24,155
 195 0078 87FD      		sbrc r24,7
 196 007a 00C0      		rjmp .L31
 197 007c 80E0      		ldi r24,lo8(0)
 198 007e 0895      		ret
 199               	.L31:
 200               	.LM30:
 201 0080 8091 9C00 		lds r24,156
 202               	.LM31:
 203 0084 0895      		ret
 204               	.LFE9:
 206               	.global	__vector_30
 208               	__vector_30:
 209               	.LFB10:
 210               	.LM32:
 211 0086 1F92      		push __zero_reg__
 212 0088 0F92      		push r0
 213 008a 0FB6      		in r0,__SREG__
 214 008c 0F92      		push r0
 215 008e 0BB6      		in r0,91-32
 216 0090 0F92      		push r0
 217 0092 1124      		clr __zero_reg__
 218 0094 1F93      		push r17
 219 0096 2F93      		push r18
 220 0098 3F93      		push r19
 221 009a 4F93      		push r20
 222 009c 5F93      		push r21
 223 009e 6F93      		push r22
 224 00a0 7F93      		push r23
 225 00a2 8F93      		push r24
 226 00a4 9F93      		push r25
 227 00a6 AF93      		push r26
 228 00a8 BF93      		push r27
 229 00aa EF93      		push r30
 230 00ac FF93      		push r31
 231               	/* prologue: Signal */
 232               	/* frame size = 0 */
 233               	.LM33:
 234 00ae 1091 9C00 		lds r17,156
 235               	.LVL11:
 236               	.LM34:
 237 00b2 812F      		mov r24,r17
 238 00b4 0E94 0000 		call cmdlineInputFunc
 239               	.LM35:
 240 00b8 1D30      		cpi r17,lo8(13)
 241 00ba 01F0      		breq .L39
 242               	.L38:
 243               	.LBB18:
 244               	.LBB19:
 245               	.LM36:
 246 00bc 8091 9B00 		lds r24,155
 247 00c0 85FF      		sbrs r24,5
 248 00c2 00C0      		rjmp .L38
 249               	.LM37:
 250 00c4 1093 9C00 		sts 156,r17
 251               	/* epilogue start */
 252               	.LBE19:
 253               	.LBE18:
 254               	.LM38:
 255 00c8 FF91      		pop r31
 256 00ca EF91      		pop r30
 257 00cc BF91      		pop r27
 258 00ce AF91      		pop r26
 259 00d0 9F91      		pop r25
 260 00d2 8F91      		pop r24
 261 00d4 7F91      		pop r23
 262 00d6 6F91      		pop r22
 263 00d8 5F91      		pop r21
 264 00da 4F91      		pop r20
 265 00dc 3F91      		pop r19
 266 00de 2F91      		pop r18
 267 00e0 1F91      		pop r17
 268               	.LVL12:
 269 00e2 0F90      		pop r0
 270 00e4 0BBE      		out 91-32,r0
 271 00e6 0F90      		pop r0
 272 00e8 0FBE      		out __SREG__,r0
 273 00ea 0F90      		pop r0
 274 00ec 1F90      		pop __zero_reg__
 275 00ee 1895      		reti
 276               	.LVL13:
 277               	.L39:
 278               	.LBB20:
 279               	.LBB21:
 280               	.LM39:
 281 00f0 8091 9B00 		lds r24,155
 282 00f4 85FF      		sbrs r24,5
 283 00f6 00C0      		rjmp .L39
 284               	.LM40:
 285 00f8 8AE0      		ldi r24,lo8(10)
 286 00fa 8093 9C00 		sts 156,r24
 287 00fe 00C0      		rjmp .L38
 288               	.LBE21:
 289               	.LBE20:
 290               	.LFE10:
 372               	.Letext0:
DEFINED SYMBOLS
                            *ABS*:00000000 uart.c
C:\DOCUME~1\poliveir\LOCALS~1\Temp/cc925jDT.s:2      *ABS*:0000003f __SREG__
C:\DOCUME~1\poliveir\LOCALS~1\Temp/cc925jDT.s:3      *ABS*:0000003e __SP_H__
C:\DOCUME~1\poliveir\LOCALS~1\Temp/cc925jDT.s:4      *ABS*:0000003d __SP_L__
C:\DOCUME~1\poliveir\LOCALS~1\Temp/cc925jDT.s:5      *ABS*:00000034 __CCP__
C:\DOCUME~1\poliveir\LOCALS~1\Temp/cc925jDT.s:6      *ABS*:00000000 __tmp_reg__
C:\DOCUME~1\poliveir\LOCALS~1\Temp/cc925jDT.s:7      *ABS*:00000001 __zero_reg__
C:\DOCUME~1\poliveir\LOCALS~1\Temp/cc925jDT.s:18     .text:00000000 uartInit
C:\DOCUME~1\poliveir\LOCALS~1\Temp/cc925jDT.s:36     .text:0000000c printfr
C:\DOCUME~1\poliveir\LOCALS~1\Temp/cc925jDT.s:93     .text:0000002e uartSetBaudRate
C:\DOCUME~1\poliveir\LOCALS~1\Temp/cc925jDT.s:110    .text:00000038 uart_putc
C:\DOCUME~1\poliveir\LOCALS~1\Temp/cc925jDT.s:132    .text:00000048 uart_putstr
C:\DOCUME~1\poliveir\LOCALS~1\Temp/cc925jDT.s:169    .text:00000066 uart_getc
C:\DOCUME~1\poliveir\LOCALS~1\Temp/cc925jDT.s:188    .text:00000074 uart_getc_noloop
C:\DOCUME~1\poliveir\LOCALS~1\Temp/cc925jDT.s:208    .text:00000086 __vector_30

UNDEFINED SYMBOLS
cmdlineInputFunc
